
Memory Configuration

Name             Origin             Length             Attributes
*default*        0x00000000         0xffffffff

Linker script and memory map

                0x00000000                . = 0x0
                0x00000000                . = ALIGN (0x4)

.text           0x00000000      0xb00
 start.o(.text)
 .text          0x00000000       0xc0 start.o
                0x00000000                _start
                0x00000040                _end_vect
                0x00000048                _armboot_start
                0x0000004c                _bss_start
                0x00000050                _bss_end
 cpu_init.o(.text)
 .text          0x000000c0      0x124 cpu_init.o
                0x000000c0                mem_ctrl_asm_init
 nand_boot.o(.text)
 .text          0x000001e4      0x354 nand_boot.o
                0x000004a0                nand_boot
 *(.text)
 .text          0x00000538      0x1b4 lowlevel_init.o
                0x0000053c                lowlevel_init
 .text          0x000006ec      0x120 nand_ecc.o
                0x000006ec                nand_correct_data
 .text          0x0000080c      0x2f4 s3c64xx.o
                0x00000a10                board_nand_init

.glue_7         0x00000b00        0x0
 .glue_7        0x00000000        0x0 linker stubs

.glue_7t        0x00000b00        0x0
 .glue_7t       0x00000000        0x0 linker stubs

.vfp11_veneer   0x00000b00        0x0
 .vfp11_veneer  0x00000000        0x0 linker stubs

.v4_bx          0x00000b00        0x0
 .v4_bx         0x00000000        0x0 linker stubs
                0x00000b00                . = ALIGN (0x4)

.rodata
 *(SORT(.rodata*))
                0x00000b00                . = ALIGN (0x4)

.data           0x00000b00        0x8
 *(.data)
 .data          0x00000b00        0x0 start.o
 .data          0x00000b00        0x0 cpu_init.o
 .data          0x00000b00        0x0 nand_boot.o
 .data          0x00000b00        0x0 lowlevel_init.o
 .data          0x00000b00        0x0 nand_ecc.o
 .data          0x00000b00        0x8 s3c64xx.o
                0x00000b08                . = ALIGN (0x4)

.got
 *(.got)
                0x00000b08                __u_boot_cmd_start = .

.u_boot_cmd
 *(.u_boot_cmd)
                0x00000b08                __u_boot_cmd_end = .
                0x00000b08                . = ALIGN (0x4)
                0x00000b08                __bss_start = .

.bss            0x00000b08        0x4
 *(.bss)
 .bss           0x00000b08        0x0 start.o
 .bss           0x00000b08        0x0 cpu_init.o
 .bss           0x00000b08        0x0 nand_boot.o
 .bss           0x00000b08        0x0 lowlevel_init.o
 .bss           0x00000b08        0x0 nand_ecc.o
 .bss           0x00000b08        0x4 s3c64xx.o
                0x00000b0c                . = ALIGN (0x4)
                0x00000b0c                _end = .
Address of section .text set to 0x0
LOAD start.o
LOAD cpu_init.o
LOAD lowlevel_init.o
LOAD nand_boot.o
LOAD nand_ecc.o
LOAD s3c64xx.o
OUTPUT(/opt/share/u-boot-2010.03/nand_spl/u-boot-spl elf32-littlearm)

.ARM.attributes
                0x00000000       0x28
 .ARM.attributes
                0x00000000       0x1c start.o
 .ARM.attributes
                0x0000001c       0x1c cpu_init.o
 .ARM.attributes
                0x00000038       0x2a nand_boot.o
 .ARM.attributes
                0x00000062       0x1c lowlevel_init.o
 .ARM.attributes
                0x0000007e       0x2a nand_ecc.o
 .ARM.attributes
                0x000000a8       0x2a s3c64xx.o

.comment        0x00000000       0x1b
 .comment       0x00000000       0x1b nand_boot.o
                                 0x1c (size before relaxing)
 .comment       0x00000000       0x1c nand_ecc.o
 .comment       0x00000000       0x1c s3c64xx.o

.note.GNU-stack
                0x00000000        0x0
 .note.GNU-stack
                0x00000000        0x0 nand_boot.o
 .note.GNU-stack
                0x00000000        0x0 nand_ecc.o
 .note.GNU-stack
                0x00000000        0x0 s3c64xx.o

.debug_line     0x00000000      0x69b
 .debug_line    0x00000000       0x5a start.o
 .debug_line    0x0000005a       0x7c cpu_init.o
 .debug_line    0x000000d6      0x1df nand_boot.o
 .debug_line    0x000002b5       0xa6 lowlevel_init.o
 .debug_line    0x0000035b      0x128 nand_ecc.o
 .debug_line    0x00000483      0x218 s3c64xx.o

.debug_info     0x00000000     0x3135
 .debug_info    0x00000000       0x6a start.o
 .debug_info    0x0000006a       0x6d cpu_init.o
 .debug_info    0x000000d7     0x13a0 nand_boot.o
 .debug_info    0x00001477       0x72 lowlevel_init.o
 .debug_info    0x000014e9      0x901 nand_ecc.o
 .debug_info    0x00001dea     0x134b s3c64xx.o

.debug_abbrev   0x00000000      0x636
 .debug_abbrev  0x00000000       0x14 start.o
 .debug_abbrev  0x00000014       0x14 cpu_init.o
 .debug_abbrev  0x00000028      0x25f nand_boot.o
 .debug_abbrev  0x00000287       0x14 lowlevel_init.o
 .debug_abbrev  0x0000029b      0x19a nand_ecc.o
 .debug_abbrev  0x00000435      0x201 s3c64xx.o

.debug_aranges  0x00000000       0xc0
 .debug_aranges
                0x00000000       0x20 start.o
 .debug_aranges
                0x00000020       0x20 cpu_init.o
 .debug_aranges
                0x00000040       0x20 nand_boot.o
 .debug_aranges
                0x00000060       0x20 lowlevel_init.o
 .debug_aranges
                0x00000080       0x20 nand_ecc.o
 .debug_aranges
                0x000000a0       0x20 s3c64xx.o

.debug_loc      0x00000000      0x968
 .debug_loc     0x00000000      0x466 nand_boot.o
 .debug_loc     0x00000466      0x162 nand_ecc.o
 .debug_loc     0x000005c8      0x3a0 s3c64xx.o

.debug_pubnames
                0x00000000       0x6e
 .debug_pubnames
                0x00000000       0x20 nand_boot.o
 .debug_pubnames
                0x00000020       0x28 nand_ecc.o
 .debug_pubnames
                0x00000048       0x26 s3c64xx.o

.debug_pubtypes
                0x00000000      0x55e
 .debug_pubtypes
                0x00000000      0x203 nand_boot.o
 .debug_pubtypes
                0x00000203      0x16d nand_ecc.o
 .debug_pubtypes
                0x00000370      0x1ee s3c64xx.o

.debug_ranges   0x00000000       0x90
 .debug_ranges  0x00000000       0x90 nand_boot.o

.debug_str      0x00000000      0x899
 .debug_str     0x00000000      0x720 nand_boot.o
                                0x833 (size before relaxing)
 .debug_str     0x00000720       0x37 nand_ecc.o
                                0x4aa (size before relaxing)
 .debug_str     0x00000757      0x142 s3c64xx.o
                                0x8bc (size before relaxing)

.debug_frame    0x00000000      0x16c
 .debug_frame   0x00000000       0x7c nand_boot.o
 .debug_frame   0x0000007c       0x2c nand_ecc.o
 .debug_frame   0x000000a8       0xc4 s3c64xx.o
